******************************************************************************
             TMS320C2000 Linker PC v16.9.1                     
******************************************************************************
>> Linked Tue Mar 21 16:52:12 2017

OUTPUT FILE NAME:   <Mini_SST.out>
ENTRY POINT SYMBOL: "_c_int00"  address: 0008349b


MEMORY CONFIGURATION

         name            origin    length      used     unused   attr    fill
----------------------  --------  ---------  --------  --------  ----  --------
PAGE 0:
  RAMM0                 00000122   000002de  00000000  000002de  RWIX
  RAMLS0                00008000   00000f00  0000042b  00000ad5  RWIX
  RAMLS1                00008f00   00000100  00000000  00000100  RWIX
  RAMLS2                00009000   00000800  00000000  00000800  RWIX
  RAMLS3                00009800   00000800  00000000  00000800  RWIX
  RAMLS4                0000a000   00000800  00000000  00000800  RWIX
  RAMD0                 0000b000   00000800  00000000  00000800  RWIX
  RAMGS14               0001a000   00001000  00000000  00001000  RWIX
  RAMGS15               0001b000   00001000  00000000  00001000  RWIX
  BEGIN                 00080000   00000002  00000002  00000000  RWIX
  FLASHA                00080002   00001ffe  00000000  00001ffe  RWIX
  FLASHB                00082000   00002000  000015eb  00000a15  RWIX
  FLASHC                00084000   00002000  00000000  00002000  RWIX
  FLASHD                00086000   00009000  0000042b  00008bd5  RWIX
  FLASHE                0008f000   00001000  00000000  00001000  RWIX
  FLASHF                00090000   00008000  000001c0  00007e40  RWIX
  FLASHG                00098000   00008000  00000000  00008000  RWIX
  FLASHH                000a0000   00008000  00000000  00008000  RWIX
  FLASHI                000a8000   00008000  00000000  00008000  RWIX
  FLASHJ                000b0000   00008000  00000000  00008000  RWIX
  FLASHK                000b8000   00002000  00000000  00002000  RWIX
  FLASHL                000ba000   00002000  00000000  00002000  RWIX
  FLASHM                000bc000   00002000  00000000  00002000  RWIX
  FLASHN                000be000   00002000  00000000  00002000  RWIX
  RESET                 003fffc0   00000002  00000000  00000002  RWIX

PAGE 1:
  BOOT_RSVD             00000002   00000120  00000000  00000120  RWIX
  RAMM1                 00000400   00000400  00000000  00000400  RWIX
  ADCA_RESULT           00000b00   00000020  00000018  00000008  RWIX
  ADCB_RESULT           00000b20   00000020  00000018  00000008  RWIX
  ADCC_RESULT           00000b40   00000020  00000018  00000008  RWIX
  ADCD_RESULT           00000b60   00000020  00000018  00000008  RWIX
  CPU_TIMER0            00000c00   00000008  00000008  00000000  RWIX
  CPU_TIMER1            00000c08   00000008  00000008  00000000  RWIX
  CPU_TIMER2            00000c10   00000008  00000008  00000000  RWIX
  PIE_CTRL              00000ce0   00000020  0000001a  00000006  RWIX
  PIE_VECT              00000d00   00000200  000001c0  00000040  RWIX
  DMA                   00001000   00000200  000000e0  00000120  RWIX
  CLA1                  00001400   00000040  0000003e  00000002  RWIX
  EPWM1                 00004000   00000100  00000100  00000000  RWIX
  EPWM2                 00004100   00000100  00000100  00000000  RWIX
  EPWM3                 00004200   00000100  00000100  00000000  RWIX
  EPWM4                 00004300   00000100  00000100  00000000  RWIX
  EPWM5                 00004400   00000100  00000100  00000000  RWIX
  EPWM6                 00004500   00000100  00000100  00000000  RWIX
  EPWM7                 00004600   00000100  00000100  00000000  RWIX
  EPWM8                 00004700   00000100  00000100  00000000  RWIX
  EPWM9                 00004800   00000100  00000100  00000000  RWIX
  EPWM10                00004900   00000100  00000100  00000000  RWIX
  EPWM11                00004a00   00000100  00000100  00000000  RWIX
  EPWM12                00004b00   00000100  00000100  00000000  RWIX
  ECAP1                 00005000   00000020  00000020  00000000  RWIX
  ECAP2                 00005020   00000020  00000020  00000000  RWIX
  ECAP3                 00005040   00000020  00000020  00000000  RWIX
  ECAP4                 00005060   00000020  00000020  00000000  RWIX
  ECAP5                 00005080   00000020  00000020  00000000  RWIX
  ECAP6                 000050a0   00000020  00000020  00000000  RWIX
  EQEP1                 00005100   00000040  00000022  0000001e  RWIX
  EQEP2                 00005140   00000040  00000022  0000001e  RWIX
  EQEP3                 00005180   00000040  00000022  0000001e  RWIX
  DACA                  00005c00   00000010  00000008  00000008  RWIX
  DACB                  00005c10   00000010  00000008  00000008  RWIX
  DACC                  00005c20   00000010  00000008  00000008  RWIX
  CMPSS1                00005c80   00000020  00000020  00000000  RWIX
  CMPSS2                00005ca0   00000020  00000020  00000000  RWIX
  CMPSS3                00005cc0   00000020  00000020  00000000  RWIX
  CMPSS4                00005ce0   00000020  00000020  00000000  RWIX
  CMPSS5                00005d00   00000020  00000020  00000000  RWIX
  CMPSS6                00005d20   00000020  00000020  00000000  RWIX
  CMPSS7                00005d40   00000020  00000020  00000000  RWIX
  CMPSS8                00005d60   00000020  00000020  00000000  RWIX
  SDFM1                 00005e00   00000080  00000080  00000000  RWIX
  SDFM2                 00005e80   00000080  00000080  00000000  RWIX
  MCBSPA                00006000   00000040  00000024  0000001c  RWIX
  MCBSPB                00006040   00000040  00000024  0000001c  RWIX
  SPIA                  00006100   00000010  00000010  00000000  RWIX
  SPIB                  00006110   00000010  00000010  00000000  RWIX
  SPIC                  00006120   00000010  00000010  00000000  RWIX
  SPID                  00006130   00000010  00000000  00000010  RWIX
  UPP                   00006200   00000100  00000048  000000b8  RWIX
  WD                    00007000   00000040  0000002b  00000015  RWIX
  NMIINTRUPT            00007060   00000010  00000007  00000009  RWIX
  XINT                  00007070   00000010  0000000b  00000005  RWIX
  SCIA                  00007200   00000010  00000010  00000000  RWIX
  SCIB                  00007210   00000010  00000010  00000000  RWIX
  SCIC                  00007220   00000010  00000010  00000000  RWIX
  SCID                  00007230   00000010  00000010  00000000  RWIX
  I2CA                  00007300   00000040  00000022  0000001e  RWIX
  I2CB                  00007340   00000040  00000022  0000001e  RWIX
  ADCA                  00007400   00000080  00000080  00000000  RWIX
  ADCB                  00007480   00000080  00000080  00000000  RWIX
  ADCC                  00007500   00000080  00000080  00000000  RWIX
  ADCD                  00007580   00000080  00000080  00000000  RWIX
  INPUT_XBAR            00007900   00000020  00000020  00000000  RWIX
  XBAR                  00007920   00000020  00000020  00000000  RWIX
  TRIG                  00007940   00000010  00000006  0000000a  RWIX
  DMACLASRCSEL          00007980   00000040  0000001a  00000026  RWIX
  EPWM_XBAR             00007a00   00000040  00000040  00000000  RWIX
  CLB_XBAR              00007a40   00000040  00000000  00000040  RWIX
  OUTPUT_XBAR           00007a80   00000040  00000040  00000000  RWIX
  GPIOCTRL              00007c00   00000180  00000180  00000000  RWIX
  GPIODAT               00007f00   00000030  00000030  00000000  RWIX
  RAMLS5                0000a800   00000800  00000000  00000800  RWIX
  RAMD1                 0000b800   00000800  00000000  00000800  RWIX
  RAMGS0                0000c000   00001000  00000000  00001000  RWIX
  RAMGS1                0000d000   00001000  00000200  00000e00  RWIX
  RAMGS2_GS4            0000e000   00003000  00000c9a  00002366  RWIX
  RAMGS5                00011000   00001000  00000000  00001000  RWIX
  RAMGS6                00012000   00001000  00000000  00001000  RWIX
  RAMGS7                00013000   00001000  00000000  00001000  RWIX
  RAMGS8                00014000   00001000  00000000  00001000  RWIX
  RAMGS9                00015000   00001000  00000000  00001000  RWIX
  RAMGS10               00016000   00001000  00000000  00001000  RWIX
  RAMGS11               00017000   00001000  00000000  00001000  RWIX
  RAMGS12               00018000   00001000  00000000  00001000  RWIX
  RAMGS13               00019000   00001000  00000000  00001000  RWIX
  CPU2TOCPU1RAM         0003f800   00000400  00000000  00000400  RWIX
  CPU1TOCPU2RAM         0003fc00   00000400  00000000  00000400  RWIX
  EMIF1                 00047000   00000800  00000070  00000790  RWIX
  EMIF2                 00047800   00000800  00000070  00000790  RWIX
  DEV_CFG               0005d000   00000180  0000012e  00000052  RWIX
  ANALOG_SUBSYS         0005d180   00000080  00000048  00000038  RWIX
  CLK_CFG               0005d200   00000100  00000032  000000ce  RWIX
  CPU_SYS               0005d300   00000100  00000082  0000007e  RWIX
  ROMPREFETCH           0005e608   00000002  00000002  00000000  RWIX
  DCSM_Z1               0005f000   00000030  00000024  0000000c  RWIX
  DCSM_Z2               0005f040   00000030  00000024  0000000c  RWIX
  DCSM_COMMON           0005f070   00000010  00000008  00000008  RWIX
  MEMCFG                0005f400   00000080  00000080  00000000  RWIX
  EMIF1CONFIG           0005f480   00000020  00000020  00000000  RWIX
  EMIF2CONFIG           0005f4a0   00000020  00000020  00000000  RWIX
  ACCESSPROTECTION      0005f4c0   00000040  00000040  00000000  RWIX
  MEMORYERROR           0005f500   00000040  00000040  00000000  RWIX
  ROMWAITSTATE          0005f540   00000002  00000002  00000000  RWIX
  FLASH0_CTRL           0005f800   00000300  00000182  0000017e  RWIX
  FLASH0_ECC            0005fb00   00000040  00000028  00000018  RWIX
  FLASH1_CTRL           0005fc00   00000300  00000182  0000017e  RWIX
  FLASH1_ECC            0005ff00   00000040  00000028  00000018  RWIX
  DCSM_Z1_OTP           00078000   00000020  00000020  00000000  RWIX
  DCSM_Z2_OTP           00078200   00000020  00000020  00000000  RWIX


SECTION ALLOCATION MAP

 output                                  attributes/
section   page    origin      length       input sections
--------  ----  ----------  ----------   ----------------
codestart 
*          0    00080000    00000002     
                  00080000    00000002     F2837xS_CodeStartBranch.obj (codestart)

.cinit     0    00082000    0000014a     
                  00082000    000000ca     mini_sst.obj (.cinit)
                  000820ca    00000062     F2837xS_struct.obj (.cinit)
                  0008212c    0000000e     rts2800_fpu32.lib : exit.obj (.cinit)
                  0008213a    00000005                       : _lock.obj (.cinit:__lock)
                  0008213f    00000005                       : _lock.obj (.cinit:__unlock)
                  00082144    00000004     F2837xS_sci_io.obj (.cinit)
                  00082148    00000002     --HOLE-- [fill = 0]

.pinit     0    00082000    00000000     UNINITIALIZED

ramfuncs   0    00086000    0000042b     RUN ADDR = 00008000
                  00086000    000003da     mini_sst.obj (ramfuncs:retain)
                  000863da    00000037     protection.obj (ramfuncs)
                  00086411    00000016     mini_sst.obj (ramfuncs)
                  00086427    00000004     F2837xS_usDelay.obj (ramfuncs)

.stack     1    0000d000    00000200     UNINITIALIZED
                  0000d000    00000200     --HOLE--

.ebss      1    0000e000    00000c9a     UNINITIALIZED
                  0000e000    00000b04     mini_sst.obj (.ebss)
                  0000eb04    00000018     F2837xS_CpuTimers.obj (.ebss)
                  0000eb1c    00000006     rts2800_fpu32.lib : exit.obj (.ebss)
                  0000eb22    00000002                       : _lock.obj (.ebss:__lock)
                  0000eb24    00000002                       : _lock.obj (.ebss:__unlock)
                  0000eb26    00000001     F2837xS_sci_io.obj (.ebss)
                  0000eb27    00000019     --HOLE--
                  0000eb40    000000c8     variables.obj (.ebss)
                  0000ec08    00000038     --HOLE--
                  0000ec40    0000005a     F2837xS_struct.obj (.ebss)

.reset     0    003fffc0    00000002     DSECT
                  003fffc0    00000002     rts2800_fpu32.lib : boot28.obj (.reset)

GETBUFFER 
*          0    0003f800    00000000     DSECT

GETWRITEIDX 
*          0    0003f800    00000000     DSECT

PUTREADIDX 
*          0    0003f800    00000000     DSECT

.text      0    0008214c    000014a1     
                  0008214c    00000585     F2837xS_DefaultISR.obj (.text:retain)
                  000826d1    00000297     F2837xS_SysCtrl.obj (.text)
                  00082968    00000244     F2837xS_Gpio.obj (.text)
                  00082bac    000001cb     Config_EPWM.obj (.text)
                  00082d77    00000171     Solar_Lib_Float.lib : SPLL_1ph_SOGI_F.obj (.text)
                  00082ee8    00000116     F2837xS_EPwm.obj (.text)
                  00082ffe    000000e9     Config_ADC_PeriClks.obj (.text)
                  000830e7    000000dd     F2837xS_Adc.obj (.text)
                  000831c4    0000009f     mini_sst.obj (.text)
                  00083263    00000088     rts2800_fpu32.lib : fs_div28.obj (.text)
                  000832eb    00000084     Config_GPIO.obj (.text)
                  0008336f    00000073     Solar_Lib_Float.lib : NOTCH_FLTR_F.obj (.text)
                  000833e2    00000061     rts2800_fpu32.lib : s_cosf.obj (.text)
                  00083443    00000058                       : s_sinf.obj (.text)
                  0008349b    00000056                       : boot28.obj (.text)
                  000834f1    00000029                       : exit.obj (.text)
                  0008351a    00000028     F2837xS_PieCtrl.obj (.text)
                  00083542    00000026     F2837xS_PieVect.obj (.text)
                  00083568    00000024     rts2800_fpu32.lib : cpy_tbl.obj (.text)
                  0008358c    0000001e                       : memcpy.obj (.text)
                  000835aa    00000019                       : args_main.obj (.text)
                  000835c3    00000013     F2837xS_MemCopy.obj (.text)
                  000835d6    00000009     rts2800_fpu32.lib : _lock.obj (.text)
                  000835df    00000008     F2837xS_CodeStartBranch.obj (.text)
                  000835e7    00000003     F2837xS_DBGIER.obj (.text)
                  000835ea    00000002     rts2800_fpu32.lib : pre_init.obj (.text)
                  000835ec    00000001                       : startup.obj (.text)

.econst    0    00090000    000001c0     
                  00090000    000001c0     F2837xS_PieVect.obj (.econst:_PieVectTableInit)

AdcaResultFile 
*          1    00000b00    00000018     UNINITIALIZED
                  00000b00    00000018     F2837xS_GlobalVariableDefs.obj (AdcaResultFile)

AdcbResultFile 
*          1    00000b20    00000018     UNINITIALIZED
                  00000b20    00000018     F2837xS_GlobalVariableDefs.obj (AdcbResultFile)

AdccResultFile 
*          1    00000b40    00000018     UNINITIALIZED
                  00000b40    00000018     F2837xS_GlobalVariableDefs.obj (AdccResultFile)

AdcdResultFile 
*          1    00000b60    00000018     UNINITIALIZED
                  00000b60    00000018     F2837xS_GlobalVariableDefs.obj (AdcdResultFile)

CpuTimer0RegsFile 
*          1    00000c00    00000008     UNINITIALIZED
                  00000c00    00000008     F2837xS_GlobalVariableDefs.obj (CpuTimer0RegsFile)

CpuTimer1RegsFile 
*          1    00000c08    00000008     UNINITIALIZED
                  00000c08    00000008     F2837xS_GlobalVariableDefs.obj (CpuTimer1RegsFile)

CpuTimer2RegsFile 
*          1    00000c10    00000008     UNINITIALIZED
                  00000c10    00000008     F2837xS_GlobalVariableDefs.obj (CpuTimer2RegsFile)

PieCtrlRegsFile 
*          1    00000ce0    0000001a     UNINITIALIZED
                  00000ce0    0000001a     F2837xS_GlobalVariableDefs.obj (PieCtrlRegsFile)

PieVectTableFile 
*          1    00000d00    000001c0     UNINITIALIZED
                  00000d00    000001c0     F2837xS_GlobalVariableDefs.obj (PieVectTableFile)

EmuKeyVar 
*          1    00000d00    00000001     UNINITIALIZED
                  00000d00    00000001     F2837xS_GlobalVariableDefs.obj (EmuKeyVar)

EmuBModeVar 
*          1    00000d01    00000001     UNINITIALIZED
                  00000d01    00000001     F2837xS_GlobalVariableDefs.obj (EmuBModeVar)

FlashCallbackVar 
*          1    00000d02    00000000     UNINITIALIZED

FlashScalingVar 
*          1    00000d02    00000000     UNINITIALIZED

DmaRegsFile 
*          1    00001000    000000e0     UNINITIALIZED
                  00001000    000000e0     F2837xS_GlobalVariableDefs.obj (DmaRegsFile)

Cla1RegsFile 
*          1    00001400    0000003e     UNINITIALIZED
                  00001400    0000003e     F2837xS_GlobalVariableDefs.obj (Cla1RegsFile)

EPwm1RegsFile 
*          1    00004000    00000100     UNINITIALIZED
                  00004000    00000100     F2837xS_GlobalVariableDefs.obj (EPwm1RegsFile)

EPwm2RegsFile 
*          1    00004100    00000100     UNINITIALIZED
                  00004100    00000100     F2837xS_GlobalVariableDefs.obj (EPwm2RegsFile)

EPwm3RegsFile 
*          1    00004200    00000100     UNINITIALIZED
                  00004200    00000100     F2837xS_GlobalVariableDefs.obj (EPwm3RegsFile)

EPwm4RegsFile 
*          1    00004300    00000100     UNINITIALIZED
                  00004300    00000100     F2837xS_GlobalVariableDefs.obj (EPwm4RegsFile)

EPwm5RegsFile 
*          1    00004400    00000100     UNINITIALIZED
                  00004400    00000100     F2837xS_GlobalVariableDefs.obj (EPwm5RegsFile)

EPwm6RegsFile 
*          1    00004500    00000100     UNINITIALIZED
                  00004500    00000100     F2837xS_GlobalVariableDefs.obj (EPwm6RegsFile)

EPwm7RegsFile 
*          1    00004600    00000100     UNINITIALIZED
                  00004600    00000100     F2837xS_GlobalVariableDefs.obj (EPwm7RegsFile)

EPwm8RegsFile 
*          1    00004700    00000100     UNINITIALIZED
                  00004700    00000100     F2837xS_GlobalVariableDefs.obj (EPwm8RegsFile)

EPwm9RegsFile 
*          1    00004800    00000100     UNINITIALIZED
                  00004800    00000100     F2837xS_GlobalVariableDefs.obj (EPwm9RegsFile)

EPwm10RegsFile 
*          1    00004900    00000100     UNINITIALIZED
                  00004900    00000100     F2837xS_GlobalVariableDefs.obj (EPwm10RegsFile)

EPwm11RegsFile 
*          1    00004a00    00000100     UNINITIALIZED
                  00004a00    00000100     F2837xS_GlobalVariableDefs.obj (EPwm11RegsFile)

EPwm12RegsFile 
*          1    00004b00    00000100     UNINITIALIZED
                  00004b00    00000100     F2837xS_GlobalVariableDefs.obj (EPwm12RegsFile)

ECap1RegsFile 
*          1    00005000    00000020     UNINITIALIZED
                  00005000    00000020     F2837xS_GlobalVariableDefs.obj (ECap1RegsFile)

ECap2RegsFile 
*          1    00005020    00000020     UNINITIALIZED
                  00005020    00000020     F2837xS_GlobalVariableDefs.obj (ECap2RegsFile)

ECap3RegsFile 
*          1    00005040    00000020     UNINITIALIZED
                  00005040    00000020     F2837xS_GlobalVariableDefs.obj (ECap3RegsFile)

ECap4RegsFile 
*          1    00005060    00000020     UNINITIALIZED
                  00005060    00000020     F2837xS_GlobalVariableDefs.obj (ECap4RegsFile)

ECap5RegsFile 
*          1    00005080    00000020     UNINITIALIZED
                  00005080    00000020     F2837xS_GlobalVariableDefs.obj (ECap5RegsFile)

ECap6RegsFile 
*          1    000050a0    00000020     UNINITIALIZED
                  000050a0    00000020     F2837xS_GlobalVariableDefs.obj (ECap6RegsFile)

EQep1RegsFile 
*          1    00005100    00000022     UNINITIALIZED
                  00005100    00000022     F2837xS_GlobalVariableDefs.obj (EQep1RegsFile)

EQep2RegsFile 
*          1    00005140    00000022     UNINITIALIZED
                  00005140    00000022     F2837xS_GlobalVariableDefs.obj (EQep2RegsFile)

EQep3RegsFile 
*          1    00005180    00000022     UNINITIALIZED
                  00005180    00000022     F2837xS_GlobalVariableDefs.obj (EQep3RegsFile)

DacaRegsFile 
*          1    00005c00    00000008     UNINITIALIZED
                  00005c00    00000008     F2837xS_GlobalVariableDefs.obj (DacaRegsFile)

DacbRegsFile 
*          1    00005c10    00000008     UNINITIALIZED
                  00005c10    00000008     F2837xS_GlobalVariableDefs.obj (DacbRegsFile)

DaccRegsFile 
*          1    00005c20    00000008     UNINITIALIZED
                  00005c20    00000008     F2837xS_GlobalVariableDefs.obj (DaccRegsFile)

Cmpss1RegsFile 
*          1    00005c80    00000020     UNINITIALIZED
                  00005c80    00000020     F2837xS_GlobalVariableDefs.obj (Cmpss1RegsFile)

Cmpss2RegsFile 
*          1    00005ca0    00000020     UNINITIALIZED
                  00005ca0    00000020     F2837xS_GlobalVariableDefs.obj (Cmpss2RegsFile)

Cmpss3RegsFile 
*          1    00005cc0    00000020     UNINITIALIZED
                  00005cc0    00000020     F2837xS_GlobalVariableDefs.obj (Cmpss3RegsFile)

Cmpss4RegsFile 
*          1    00005ce0    00000020     UNINITIALIZED
                  00005ce0    00000020     F2837xS_GlobalVariableDefs.obj (Cmpss4RegsFile)

Cmpss5RegsFile 
*          1    00005d00    00000020     UNINITIALIZED
                  00005d00    00000020     F2837xS_GlobalVariableDefs.obj (Cmpss5RegsFile)

Cmpss6RegsFile 
*          1    00005d20    00000020     UNINITIALIZED
                  00005d20    00000020     F2837xS_GlobalVariableDefs.obj (Cmpss6RegsFile)

Cmpss7RegsFile 
*          1    00005d40    00000020     UNINITIALIZED
                  00005d40    00000020     F2837xS_GlobalVariableDefs.obj (Cmpss7RegsFile)

Cmpss8RegsFile 
*          1    00005d60    00000020     UNINITIALIZED
                  00005d60    00000020     F2837xS_GlobalVariableDefs.obj (Cmpss8RegsFile)

AdcaRegsFile 
*          1    00007400    00000080     UNINITIALIZED
                  00007400    00000080     F2837xS_GlobalVariableDefs.obj (AdcaRegsFile)

AdcbRegsFile 
*          1    00007480    00000080     UNINITIALIZED
                  00007480    00000080     F2837xS_GlobalVariableDefs.obj (AdcbRegsFile)

AdccRegsFile 
*          1    00007500    00000080     UNINITIALIZED
                  00007500    00000080     F2837xS_GlobalVariableDefs.obj (AdccRegsFile)

AdcdRegsFile 
*          1    00007580    00000080     UNINITIALIZED
                  00007580    00000080     F2837xS_GlobalVariableDefs.obj (AdcdRegsFile)

AnalogSubsysRegsFile 
*          1    0005d180    00000048     UNINITIALIZED
                  0005d180    00000048     F2837xS_GlobalVariableDefs.obj (AnalogSubsysRegsFile)

Cla1SoftIntRegsFile 
*          1    00000ce0    00000004     DSECT
                  00000ce0    00000004     F2837xS_GlobalVariableDefs.obj (Cla1SoftIntRegsFile)

Sdfm1RegsFile 
*          1    00005e00    00000080     UNINITIALIZED
                  00005e00    00000080     F2837xS_GlobalVariableDefs.obj (Sdfm1RegsFile)

Sdfm2RegsFile 
*          1    00005e80    00000080     UNINITIALIZED
                  00005e80    00000080     F2837xS_GlobalVariableDefs.obj (Sdfm2RegsFile)

McbspaRegsFile 
*          1    00006000    00000024     UNINITIALIZED
                  00006000    00000024     F2837xS_GlobalVariableDefs.obj (McbspaRegsFile)

McbspbRegsFile 
*          1    00006040    00000024     UNINITIALIZED
                  00006040    00000024     F2837xS_GlobalVariableDefs.obj (McbspbRegsFile)

SpiaRegsFile 
*          1    00006100    00000010     UNINITIALIZED
                  00006100    00000010     F2837xS_GlobalVariableDefs.obj (SpiaRegsFile)

SpibRegsFile 
*          1    00006110    00000010     UNINITIALIZED
                  00006110    00000010     F2837xS_GlobalVariableDefs.obj (SpibRegsFile)

SpicRegsFile 
*          1    00006120    00000010     UNINITIALIZED
                  00006120    00000010     F2837xS_GlobalVariableDefs.obj (SpicRegsFile)

UppRegsFile 
*          1    00006200    00000048     UNINITIALIZED
                  00006200    00000048     F2837xS_GlobalVariableDefs.obj (UppRegsFile)

WdRegsFile 
*          1    00007000    0000002b     UNINITIALIZED
                  00007000    0000002b     F2837xS_GlobalVariableDefs.obj (WdRegsFile)

NmiIntruptRegsFile 
*          1    00007060    00000007     UNINITIALIZED
                  00007060    00000007     F2837xS_GlobalVariableDefs.obj (NmiIntruptRegsFile)

XintRegsFile 
*          1    00007070    0000000b     UNINITIALIZED
                  00007070    0000000b     F2837xS_GlobalVariableDefs.obj (XintRegsFile)

SciaRegsFile 
*          1    00007200    00000010     UNINITIALIZED
                  00007200    00000010     F2837xS_GlobalVariableDefs.obj (SciaRegsFile)

ScibRegsFile 
*          1    00007210    00000010     UNINITIALIZED
                  00007210    00000010     F2837xS_GlobalVariableDefs.obj (ScibRegsFile)

ScicRegsFile 
*          1    00007220    00000010     UNINITIALIZED
                  00007220    00000010     F2837xS_GlobalVariableDefs.obj (ScicRegsFile)

ScidRegsFile 
*          1    00007230    00000010     UNINITIALIZED
                  00007230    00000010     F2837xS_GlobalVariableDefs.obj (ScidRegsFile)

I2caRegsFile 
*          1    00007300    00000022     UNINITIALIZED
                  00007300    00000022     F2837xS_GlobalVariableDefs.obj (I2caRegsFile)

I2cbRegsFile 
*          1    00007340    00000022     UNINITIALIZED
                  00007340    00000022     F2837xS_GlobalVariableDefs.obj (I2cbRegsFile)

InputXbarRegsFile 
*          1    00007900    00000020     UNINITIALIZED
                  00007900    00000020     F2837xS_GlobalVariableDefs.obj (InputXbarRegsFile)

XbarRegsFile 
*          1    00007920    00000020     UNINITIALIZED
                  00007920    00000020     F2837xS_GlobalVariableDefs.obj (XbarRegsFile)

TrigRegsFile 
*          1    00007940    00000006     UNINITIALIZED
                  00007940    00000006     F2837xS_GlobalVariableDefs.obj (TrigRegsFile)

DmaClaSrcSelRegsFile 
*          1    00007980    0000001a     UNINITIALIZED
                  00007980    0000001a     F2837xS_GlobalVariableDefs.obj (DmaClaSrcSelRegsFile)

EPwmXbarRegsFile 
*          1    00007a00    00000040     UNINITIALIZED
                  00007a00    00000040     F2837xS_GlobalVariableDefs.obj (EPwmXbarRegsFile)

OutputXbarRegsFile 
*          1    00007a80    00000040     UNINITIALIZED
                  00007a80    00000040     F2837xS_GlobalVariableDefs.obj (OutputXbarRegsFile)

GpioCtrlRegsFile 
*          1    00007c00    00000180     UNINITIALIZED
                  00007c00    00000180     F2837xS_GlobalVariableDefs.obj (GpioCtrlRegsFile)

GpioDataRegsFile 
*          1    00007f00    00000030     UNINITIALIZED
                  00007f00    00000030     F2837xS_GlobalVariableDefs.obj (GpioDataRegsFile)

Emif1RegsFile 
*          1    00047000    00000070     UNINITIALIZED
                  00047000    00000070     F2837xS_GlobalVariableDefs.obj (Emif1RegsFile)

Emif2RegsFile 
*          1    00047800    00000070     UNINITIALIZED
                  00047800    00000070     F2837xS_GlobalVariableDefs.obj (Emif2RegsFile)

DevCfgRegsFile 
*          1    0005d000    0000012e     UNINITIALIZED
                  0005d000    0000012e     F2837xS_GlobalVariableDefs.obj (DevCfgRegsFile)

ClkCfgRegsFile 
*          1    0005d200    00000032     UNINITIALIZED
                  0005d200    00000032     F2837xS_GlobalVariableDefs.obj (ClkCfgRegsFile)

CpuSysRegsFile 
*          1    0005d300    00000082     UNINITIALIZED
                  0005d300    00000082     F2837xS_GlobalVariableDefs.obj (CpuSysRegsFile)

RomPrefetchRegsFile 
*          1    0005e608    00000002     UNINITIALIZED
                  0005e608    00000002     F2837xS_GlobalVariableDefs.obj (RomPrefetchRegsFile)

DcsmZ1RegsFile 
*          1    0005f000    00000024     UNINITIALIZED
                  0005f000    00000024     F2837xS_GlobalVariableDefs.obj (DcsmZ1RegsFile)

DcsmZ2RegsFile 
*          1    0005f040    00000024     UNINITIALIZED
                  0005f040    00000024     F2837xS_GlobalVariableDefs.obj (DcsmZ2RegsFile)

DcsmCommonRegsFile 
*          1    0005f070    00000008     UNINITIALIZED
                  0005f070    00000008     F2837xS_GlobalVariableDefs.obj (DcsmCommonRegsFile)

MemCfgRegsFile 
*          1    0005f400    00000080     UNINITIALIZED
                  0005f400    00000080     F2837xS_GlobalVariableDefs.obj (MemCfgRegsFile)

Emif1ConfigRegsFile 
*          1    0005f480    00000020     UNINITIALIZED
                  0005f480    00000020     F2837xS_GlobalVariableDefs.obj (Emif1ConfigRegsFile)

Emif2ConfigRegsFile 
*          1    0005f4a0    00000020     UNINITIALIZED
                  0005f4a0    00000020     F2837xS_GlobalVariableDefs.obj (Emif2ConfigRegsFile)

AccessProtectionRegsFile 
*          1    0005f4c0    00000040     UNINITIALIZED
                  0005f4c0    00000040     F2837xS_GlobalVariableDefs.obj (AccessProtectionRegsFile)

MemoryErrorRegsFile 
*          1    0005f500    00000040     UNINITIALIZED
                  0005f500    00000040     F2837xS_GlobalVariableDefs.obj (MemoryErrorRegsFile)

RomWaitStateRegsFile 
*          1    0005f540    00000002     UNINITIALIZED
                  0005f540    00000002     F2837xS_GlobalVariableDefs.obj (RomWaitStateRegsFile)

Flash0CtrlRegsFile 
*          1    0005f800    00000182     UNINITIALIZED
                  0005f800    00000182     F2837xS_GlobalVariableDefs.obj (Flash0CtrlRegsFile)

Flash0EccRegsFile 
*          1    0005fb00    00000028     UNINITIALIZED
                  0005fb00    00000028     F2837xS_GlobalVariableDefs.obj (Flash0EccRegsFile)

Flash1CtrlRegsFile 
*          1    0005fc00    00000182     UNINITIALIZED
                  0005fc00    00000182     F2837xS_GlobalVariableDefs.obj (Flash1CtrlRegsFile)

Flash1EccRegsFile 
*          1    0005ff00    00000028     UNINITIALIZED
                  0005ff00    00000028     F2837xS_GlobalVariableDefs.obj (Flash1EccRegsFile)

DcsmZ1OtpFile 
*          1    00078000    00000020     NOLOAD SECTION
                  00078000    00000020     F2837xS_GlobalVariableDefs.obj (DcsmZ1OtpFile)

DcsmZ2OtpFile 
*          1    00078200    00000020     NOLOAD SECTION
                  00078200    00000020     F2837xS_GlobalVariableDefs.obj (DcsmZ2OtpFile)

MODULE SUMMARY

       Module                           code   initialized data   uninitialized data
       ------                           ----   ----------------   ------------------
    .\
       mini_sst.obj                     2175   202                2820              
    +--+--------------------------------+------+------------------+--------------------+
       Total:                           2175   202                2820              
                                                                                    
    .\source\
       F2837xS_GlobalVariableDefs.obj   0      0                  8435              
       F2837xS_DefaultISR.obj           1413   0                  0                 
       F2837xS_SysCtrl.obj              663    0                  0                 
       F2837xS_Gpio.obj                 580    0                  0                 
       F2837xS_PieVect.obj              38     448                0                 
       Config_EPWM.obj                  459    0                  0                 
       F2837xS_EPwm.obj                 278    0                  0                 
       Config_ADC_PeriClks.obj          233    0                  0                 
       F2837xS_Adc.obj                  221    0                  0                 
       variables.obj                    0      0                  200               
       F2837xS_struct.obj               0      98                 90                
       Config_GPIO.obj                  132    0                  0                 
       protection.obj                   110    0                  0                 
       F2837xS_PieCtrl.obj              40     0                  0                 
       F2837xS_CpuTimers.obj            0      0                  24                
       F2837xS_MemCopy.obj              19     0                  0                 
       F2837xS_CodeStartBranch.obj      10     0                  0                 
       F2837xS_usDelay.obj              8      0                  0                 
       F2837xS_sci_io.obj               0      4                  1                 
       F2837xS_DBGIER.obj               3      0                  0                 
    +--+--------------------------------+------+------------------+--------------------+
       Total:                           4207   550                8750              
                                                                                    
    C:/ti/controlSUITE/libs/app_libs/solar/v1.2/float/lib/Solar_Lib_Float.lib
       SPLL_1ph_SOGI_F.obj              369    0                  0                 
       NOTCH_FLTR_F.obj                 115    0                  0                 
    +--+--------------------------------+------+------------------+--------------------+
       Total:                           484    0                  0                 
                                                                                    
    C:\ti\ccsv7\tools\compiler\ti-cgt-c2000_16.9.1.LTS\lib\rts2800_fpu32.lib
       fs_div28.obj                     136    0                  0                 
       s_cosf.obj                       97     0                  0                 
       s_sinf.obj                       88     0                  0                 
       boot28.obj                       86     0                  0                 
       exit.obj                         41     14                 6                 
       cpy_tbl.obj                      36     0                  0                 
       memcpy.obj                       30     0                  0                 
       args_main.obj                    25     0                  0                 
       _lock.obj                        9      10                 4                 
       pre_init.obj                     2      0                  0                 
       startup.obj                      1      0                  0                 
    +--+--------------------------------+------+------------------+--------------------+
       Total:                           551    24                 10                
                                                                                    
       Stack:                           0      0                  512               
    +--+--------------------------------+------+------------------+--------------------+
       Grand Total:                     7417   776                12092             


GLOBAL DATA SYMBOLS: SORTED BY DATA PAGE

address     data page           name
--------    ----------------    ----
00000b00      2c (00000b00)     _AdcaResultRegs
00000b20      2c (00000b00)     _AdcbResultRegs

00000b40      2d (00000b40)     _AdccResultRegs
00000b60      2d (00000b40)     _AdcdResultRegs

00000c00      30 (00000c00)     _CpuTimer0Regs
00000c08      30 (00000c00)     _CpuTimer1Regs
00000c10      30 (00000c00)     _CpuTimer2Regs

00000ce0      33 (00000cc0)     _Cla1SoftIntRegs
00000ce0      33 (00000cc0)     _PieCtrlRegs

00000d00      34 (00000d00)     _EmuKey
00000d00      34 (00000d00)     _PieVectTable
00000d01      34 (00000d00)     _EmuBMode

00001000      40 (00001000)     _DmaRegs

00001400      50 (00001400)     _Cla1Regs

00004000     100 (00004000)     _EPwm1Regs

00004100     104 (00004100)     _EPwm2Regs

00004200     108 (00004200)     _EPwm3Regs

00004300     10c (00004300)     _EPwm4Regs

00004400     110 (00004400)     _EPwm5Regs

00004500     114 (00004500)     _EPwm6Regs

00004600     118 (00004600)     _EPwm7Regs

00004700     11c (00004700)     _EPwm8Regs

00004800     120 (00004800)     _EPwm9Regs

00004900     124 (00004900)     _EPwm10Regs

00004a00     128 (00004a00)     _EPwm11Regs

00004b00     12c (00004b00)     _EPwm12Regs

00005000     140 (00005000)     _ECap1Regs
00005020     140 (00005000)     _ECap2Regs

00005040     141 (00005040)     _ECap3Regs
00005060     141 (00005040)     _ECap4Regs

00005080     142 (00005080)     _ECap5Regs
000050a0     142 (00005080)     _ECap6Regs

00005100     144 (00005100)     _EQep1Regs

00005140     145 (00005140)     _EQep2Regs

00005180     146 (00005180)     _EQep3Regs

00005c00     170 (00005c00)     _DacaRegs
00005c10     170 (00005c00)     _DacbRegs
00005c20     170 (00005c00)     _DaccRegs

00005c80     172 (00005c80)     _Cmpss1Regs
00005ca0     172 (00005c80)     _Cmpss2Regs

00005cc0     173 (00005cc0)     _Cmpss3Regs
00005ce0     173 (00005cc0)     _Cmpss4Regs

00005d00     174 (00005d00)     _Cmpss5Regs
00005d20     174 (00005d00)     _Cmpss6Regs

00005d40     175 (00005d40)     _Cmpss7Regs
00005d60     175 (00005d40)     _Cmpss8Regs

00005e00     178 (00005e00)     _Sdfm1Regs

00005e80     17a (00005e80)     _Sdfm2Regs

00006000     180 (00006000)     _McbspaRegs

00006040     181 (00006040)     _McbspbRegs

00006100     184 (00006100)     _SpiaRegs
00006110     184 (00006100)     _SpibRegs
00006120     184 (00006100)     _SpicRegs

00006200     188 (00006200)     _UppRegs

00007000     1c0 (00007000)     _WdRegs

00007060     1c1 (00007040)     _NmiIntruptRegs
00007070     1c1 (00007040)     _XintRegs

00007200     1c8 (00007200)     _SciaRegs
00007210     1c8 (00007200)     _ScibRegs
00007220     1c8 (00007200)     _ScicRegs
00007230     1c8 (00007200)     _ScidRegs

00007300     1cc (00007300)     _I2caRegs

00007340     1cd (00007340)     _I2cbRegs

00007400     1d0 (00007400)     _AdcaRegs

00007480     1d2 (00007480)     _AdcbRegs

00007500     1d4 (00007500)     _AdccRegs

00007580     1d6 (00007580)     _AdcdRegs

00007900     1e4 (00007900)     _InputXbarRegs
00007920     1e4 (00007900)     _XbarRegs

00007940     1e5 (00007940)     _TrigRegs

00007980     1e6 (00007980)     _DmaClaSrcSelRegs

00007a00     1e8 (00007a00)     _EPwmXbarRegs

00007a80     1ea (00007a80)     _OutputXbarRegs

00007c00     1f0 (00007c00)     _GpioCtrlRegs

00007f00     1fc (00007f00)     _GpioDataRegs

0000d000     340 (0000d000)     __stack

0000e001     380 (0000e000)     _DB
0000e002     380 (0000e000)     _StartUp
0000e003     380 (0000e000)     _LEDTimer
0000e004     380 (0000e000)     _m_ac
0000e006     380 (0000e000)     _Idc
0000e008     380 (0000e000)     _Vac
0000e00a     380 (0000e000)     _Vg
0000e00c     380 (0000e000)     _VDCLK
0000e00e     380 (0000e000)     _Vdc
0000e010     380 (0000e000)     _Iac
0000e012     380 (0000e000)     _SUtimer
0000e014     380 (0000e000)     _x
0000e016     380 (0000e000)     _Iac_pref
0000e018     380 (0000e000)     _m_dc
0000e01a     380 (0000e000)     _Iac_pref_old
0000e01c     380 (0000e000)     _Relay4_c
0000e01e     380 (0000e000)     _control_c
0000e020     380 (0000e000)     _i
0000e022     380 (0000e000)     _Relay1_c
0000e024     380 (0000e000)     _Relay3_c
0000e026     380 (0000e000)     _Relay2_c
0000e028     380 (0000e000)     _I1f
0000e02c     380 (0000e000)     _I2s
0000e030     380 (0000e000)     _I1s
0000e034     380 (0000e000)     _V4s
0000e038     380 (0000e000)     _V4f
0000e03c     380 (0000e000)     _DC_err

0000e040     381 (0000e040)     _DC_PI
0000e044     381 (0000e040)     _DCLK_PI
0000e048     381 (0000e040)     _I2f
0000e04c     381 (0000e040)     _DCLK_err
0000e050     381 (0000e040)     _V3f
0000e054     381 (0000e040)     _V1f
0000e058     381 (0000e040)     _V1s
0000e05c     381 (0000e040)     _V2f
0000e060     381 (0000e040)     _V2s
0000e064     381 (0000e040)     _V3s
0000e068     381 (0000e040)     _Iac_err
0000e06e     381 (0000e040)     _Iac_PR
0000e074     381 (0000e040)     _NF_f2

0000e080     382 (0000e080)     _VDCLK_f

0000e0c0     383 (0000e0c0)     _SPLL_Vg

0000e140     385 (0000e140)     _x_DB

0000eb04     3ac (0000eb00)     _CpuTimer1
0000eb0c     3ac (0000eb00)     _CpuTimer2
0000eb14     3ac (0000eb00)     _CpuTimer0
0000eb1c     3ac (0000eb00)     ___TI_enable_exit_profile_output
0000eb1e     3ac (0000eb00)     ___TI_cleanup_ptr
0000eb20     3ac (0000eb00)     ___TI_dtors_ptr
0000eb22     3ac (0000eb00)     __lock
0000eb24     3ac (0000eb00)     __unlock
0000eb26     3ac (0000eb00)     _deviceOpen

0000eb40     3ad (0000eb40)     _sin_result

0000ec40     3b1 (0000ec40)     _MCBSP
0000ec44     3b1 (0000ec40)     _I2C
0000ec48     3b1 (0000ec40)     _SCI
0000ec4c     3b1 (0000ec40)     _SDFM
0000ec52     3b1 (0000ec40)     _EQEP
0000ec5a     3b1 (0000ec40)     _SPI
0000ec62     3b1 (0000ec40)     _ECAP

0000ec80     3b2 (0000ec80)     _EPWM

00047000    11c0 (00047000)     _Emif1Regs

00047800    11e0 (00047800)     _Emif2Regs

0005d000    1740 (0005d000)     _DevCfgRegs

0005d180    1746 (0005d180)     _AnalogSubsysRegs

0005d200    1748 (0005d200)     _ClkCfgRegs

0005d300    174c (0005d300)     _CpuSysRegs

0005e608    1798 (0005e600)     _RomPrefetchRegs

0005f000    17c0 (0005f000)     _DcsmZ1Regs

0005f040    17c1 (0005f040)     _DcsmZ2Regs
0005f070    17c1 (0005f040)     _DcsmCommonRegs

0005f400    17d0 (0005f400)     _MemCfgRegs

0005f480    17d2 (0005f480)     _Emif1ConfigRegs
0005f4a0    17d2 (0005f480)     _Emif2ConfigRegs

0005f4c0    17d3 (0005f4c0)     _AccessProtectionRegs

0005f500    17d4 (0005f500)     _MemoryErrorRegs

0005f540    17d5 (0005f540)     _RomWaitStateRegs

0005f800    17e0 (0005f800)     _Flash0CtrlRegs

0005fb00    17ec (0005fb00)     _Flash0EccRegs

0005fc00    17f0 (0005fc00)     _Flash1CtrlRegs

0005ff00    17fc (0005ff00)     _Flash1EccRegs

00078000    1e00 (00078000)     _DcsmZ1Otp

00078200    1e08 (00078200)     _DcsmZ2Otp

00090000    2400 (00090000)     _PieVectTableInit


GLOBAL SYMBOLS: SORTED ALPHABETICALLY BY Name 

page  address   name                                  
----  -------   ----                                  
abs   ffffffff  .text                                 
0     000834f1  C$$EXIT                               
0     00083263  FS$$DIV                               
0     0008220a  _ADCA1_ISR                            
0     0008248a  _ADCA2_ISR                            
0     00082494  _ADCA3_ISR                            
0     0008249e  _ADCA4_ISR                            
0     00082480  _ADCA_EVT_ISR                         
0     00082214  _ADCB1_ISR                            
0     000824b2  _ADCB2_ISR                            
0     000824bc  _ADCB3_ISR                            
0     000824c6  _ADCB4_ISR                            
0     000824a8  _ADCB_EVT_ISR                         
0     0008221e  _ADCC1_ISR                            
0     0008261a  _ADCC2_ISR                            
0     00082624  _ADCC3_ISR                            
0     0008262e  _ADCC4_ISR                            
0     00082610  _ADCC_EVT_ISR                         
0     0008223c  _ADCD1_ISR                            
0     00082642  _ADCD2_ISR                            
0     0008264c  _ADCD3_ISR                            
0     00082656  _ADCD4_ISR                            
0     00082638  _ADCD_EVT_ISR                         
0     00082692  _AUX_PLL_SLIP_ISR                     
1     0005f4c0  _AccessProtectionRegs                 
0     000830e7  _AdcSetMode                           
1     00007400  _AdcaRegs                             
1     00000b00  _AdcaResultRegs                       
1     00007480  _AdcbRegs                             
1     00000b20  _AdcbResultRegs                       
1     00007500  _AdccRegs                             
1     00000b40  _AdccResultRegs                       
1     00007580  _AdcdRegs                             
1     00000b60  _AdcdResultRegs                       
1     0005d180  _AnalogSubsysRegs                     
0     00082925  _AuxAuxClkSel                         
0     0008290f  _AuxIntOsc2Sel                        
0     00082919  _AuxXtalOscSel                        
0     00083247  _BlinkLED                             
0     00082458  _CANA_1_ISR                           
0     00082462  _CANA_2_ISR                           
0     0008246c  _CANB_1_ISR                           
0     00082476  _CANB_2_ISR                           
0     000824d0  _CLA1_1_ISR                           
0     000824da  _CLA1_2_ISR                           
0     000824e4  _CLA1_3_ISR                           
0     000824ee  _CLA1_4_ISR                           
0     000824f8  _CLA1_5_ISR                           
0     00082502  _CLA1_6_ISR                           
0     0008250c  _CLA1_7_ISR                           
0     00082516  _CLA1_8_ISR                           
0     0008269c  _CLA_OVERFLOW_ISR                     
0     000826a6  _CLA_UNDERFLOW_ISR                    
0     0008318a  _CalAdcINL                            
1     00001400  _Cla1Regs                             
0     00000ce0  _Cla1SoftIntRegs                      
1     0005d200  _ClkCfgRegs                           
1     00005c80  _Cmpss1Regs                           
1     00005ca0  _Cmpss2Regs                           
1     00005cc0  _Cmpss3Regs                           
1     00005ce0  _Cmpss4Regs                           
1     00005d00  _Cmpss5Regs                           
1     00005d20  _Cmpss6Regs                           
1     00005d40  _Cmpss7Regs                           
1     00005d60  _Cmpss8Regs                           
0     00082ffe  _ConfigureADC                         
1     0005d300  _CpuSysRegs                           
1     0000eb14  _CpuTimer0                            
1     00000c00  _CpuTimer0Regs                        
1     0000eb04  _CpuTimer1                            
1     00000c08  _CpuTimer1Regs                        
1     0000eb0c  _CpuTimer2                            
1     00000c10  _CpuTimer2Regs                        
0     000828ce  _CsmUnlock                            
0     00082160  _DATALOG_ISR                          
1     0000e001  _DB                                   
1     0000e044  _DCLK_PI                              
1     0000e04c  _DCLK_err                             
1     0000e040  _DC_PI                                
1     0000e03c  _DC_err                               
0     000823a4  _DMA_CH1_ISR                          
0     000823ae  _DMA_CH2_ISR                          
0     000823b8  _DMA_CH3_ISR                          
0     000823c2  _DMA_CH4_ISR                          
0     000823cc  _DMA_CH5_ISR                          
0     000823d6  _DMA_CH6_ISR                          
1     00005c00  _DacaRegs                             
1     00005c10  _DacbRegs                             
1     00005c20  _DaccRegs                             
1     0005f070  _DcsmCommonRegs                       
1     00078000  _DcsmZ1Otp                            
1     0005f000  _DcsmZ1Regs                           
1     00078200  _DcsmZ2Otp                            
1     0005f040  _DcsmZ2Regs                           
1     0005d000  _DevCfgRegs                           
0     000827aa  _DisableDog                           
0     00082784  _DisablePeripheralClocks              
1     00007980  _DmaClaSrcSelRegs                     
1     00001000  _DmaRegs                              
1     0000ec62  _ECAP                                 
0     000822fa  _ECAP1_ISR                            
0     00082304  _ECAP2_ISR                            
0     0008230e  _ECAP3_ISR                            
0     00082318  _ECAP4_ISR                            
0     00082322  _ECAP5_ISR                            
0     0008232c  _ECAP6_ISR                            
1     00005000  _ECap1Regs                            
1     00005020  _ECap2Regs                            
1     00005040  _ECap3Regs                            
1     00005060  _ECap4Regs                            
1     00005080  _ECap5Regs                            
1     000050a0  _ECap6Regs                            
0     00082660  _EMIF_ERROR_ISR                       
0     000826ba  _EMPTY_ISR                            
0     00082174  _EMU_ISR                              
1     0000ec80  _EPWM                                 
0     000825b6  _EPWM10_ISR                           
0     0008258e  _EPWM10_TZ_ISR                        
0     000825c0  _EPWM11_ISR                           
0     00082598  _EPWM11_TZ_ISR                        
0     000825ca  _EPWM12_ISR                           
0     000825a2  _EPWM12_TZ_ISR                        
0     000822aa  _EPWM1_ISR                            
0     0008225a  _EPWM1_TZ_ISR                         
0     000822b4  _EPWM2_ISR                            
0     00082264  _EPWM2_TZ_ISR                         
0     000822be  _EPWM3_ISR                            
0     0008226e  _EPWM3_TZ_ISR                         
0     000822c8  _EPWM4_ISR                            
0     00082278  _EPWM4_TZ_ISR                         
0     000822d2  _EPWM5_ISR                            
0     00082282  _EPWM5_TZ_ISR                         
0     000822dc  _EPWM6_ISR                            
0     0008228c  _EPWM6_TZ_ISR                         
0     000822e6  _EPWM7_ISR                            
0     00082296  _EPWM7_TZ_ISR                         
0     000822f0  _EPWM8_ISR                            
0     000822a0  _EPWM8_TZ_ISR                         
0     000825ac  _EPWM9_ISR                            
0     00082584  _EPWM9_TZ_ISR                         
1     00004900  _EPwm10Regs                           
1     00004a00  _EPwm11Regs                           
1     00004b00  _EPwm12Regs                           
1     00004000  _EPwm1Regs                            
1     00004100  _EPwm2Regs                            
1     00004200  _EPwm3Regs                            
1     00004300  _EPwm4Regs                            
1     00004400  _EPwm5Regs                            
1     00004500  _EPwm6Regs                            
1     00004600  _EPwm7Regs                            
1     00004700  _EPwm8Regs                            
1     00004800  _EPwm9Regs                            
1     00007a00  _EPwmXbarRegs                         
1     0000ec52  _EQEP                                 
0     00082336  _EQEP1_ISR                            
0     00082340  _EQEP2_ISR                            
0     0008234a  _EQEP3_ISR                            
1     00005100  _EQep1Regs                            
1     00005140  _EQep2Regs                            
1     00005180  _EQep3Regs                            
1     0005f480  _Emif1ConfigRegs                      
1     00047000  _Emif1Regs                            
1     0005f4a0  _Emif2ConfigRegs                      
1     00047800  _Emif2Regs                            
1     00000d01  _EmuBMode                             
1     00000d00  _EmuKey                               
0     00083539  _EnableInterrupts                     
0     00008427  _F28x_usDelay                         
0     00082674  _FLASH_CORRECTABLE_ERROR_ISR          
0     00082548  _FPU_OVERFLOW_ISR                     
0     00082552  _FPU_UNDERFLOW_ISR                    
1     0005f800  _Flash0CtrlRegs                       
1     0005fb00  _Flash0EccRegs                        
1     0005fc00  _Flash1CtrlRegs                       
1     0005ff00  _Flash1EccRegs                        
0     00082b61  _GPIO_EnableUnbondedIOPullups         
0     00082b3c  _GPIO_EnableUnbondedIOPullupsFor100Pin
0     00082b23  _GPIO_EnableUnbondedIOPullupsFor176Pin
0     00082b77  _GPIO_ReadPin                         
0     00082ac8  _GPIO_SetupLock                       
0     000829a8  _GPIO_SetupPinMux                     
0     00082a34  _GPIO_SetupPinOptions                 
0     00082af1  _GPIO_SetupXINT1Gpio                  
0     00082afb  _GPIO_SetupXINT2Gpio                  
0     00082b05  _GPIO_SetupXINT3Gpio                  
0     00082b0f  _GPIO_SetupXINT4Gpio                  
0     00082b19  _GPIO_SetupXINT5Gpio                  
0     00082b8e  _GPIO_WritePin                        
0     000083ea  _GateReset                            
0     000083da  _Gateoff                              
1     00007c00  _GpioCtrlRegs                         
1     00007f00  _GpioDataRegs                         
0     00082943  _HALT                                 
0     00082954  _HIB                                  
1     0000e028  _I1f                                  
1     0000e030  _I1s                                  
1     0000ec44  _I2C                                  
0     000823ea  _I2CA_FIFO_ISR                        
0     000823e0  _I2CA_ISR                             
0     000823fe  _I2CB_FIFO_ISR                        
0     000823f4  _I2CB_ISR                             
1     00007300  _I2caRegs                             
1     00007340  _I2cbRegs                             
1     0000e048  _I2f                                  
1     0000e02c  _I2s                                  
0     0008292f  _IDLE                                 
0     00082188  _ILLEGAL_ISR                          
0     0008255c  _IPC0_ISR                             
0     00082566  _IPC1_ISR                             
0     00082570  _IPC2_ISR                             
0     0008257a  _IPC3_ISR                             
1     0000e010  _Iac                                  
1     0000e06e  _Iac_PR                               
1     0000e068  _Iac_err                              
1     0000e016  _Iac_pref                             
1     0000e01a  _Iac_pref_old                         
1     0000e006  _Idc                                  
0     0008283c  _InitAuxPll                           
0     00082bac  _InitEPwm1                            
0     00082d13  _InitEPwm10                           
0     00082fb3  _InitEPwm10Gpio                       
0     00082d45  _InitEPwm11                           
0     00082fcd  _InitEPwm11Gpio                       
0     00082feb  _InitEPwm12Gpio                       
0     00082f01  _InitEPwm1Gpio                        
0     00082bde  _InitEPwm2                            
0     00082f13  _InitEPwm2Gpio                        
0     00082f25  _InitEPwm3Gpio                        
0     00082f39  _InitEPwm4Gpio                        
0     00082f4d  _InitEPwm5Gpio                        
0     00082c1c  _InitEPwm6                            
0     00082f5f  _InitEPwm6Gpio                        
0     00082c4e  _InitEPwm7                            
0     00082f71  _InitEPwm7Gpio                        
0     00082c80  _InitEPwm8                            
0     00082f85  _InitEPwm8Gpio                        
0     00082ce1  _InitEPwm9                            
0     00082f99  _InitEPwm9Gpio                        
0     00082ee8  _InitEPwmGpio                         
0     000832eb  _InitEPwmGpio_TZ                      
0     00082968  _InitGpio                             
0     000830b1  _InitPeripheralClks                   
0     00082700  _InitPeripheralClocks                 
0     0008351a  _InitPieCtrl                          
0     00083542  _InitPieVectTable                     
0     000826d1  _InitSysCtrl                          
0     000827b8  _InitSysPll                           
1     00007900  _InputXbarRegs                        
1     0000e003  _LEDTimer                             
1     0000ec40  _MCBSP                                
0     0008237c  _MCBSPA_RX_ISR                        
0     00082386  _MCBSPA_TX_ISR                        
0     00082390  _MCBSPB_RX_ISR                        
0     0008239a  _MCBSPB_TX_ISR                        
1     00006000  _McbspaRegs                           
1     00006040  _McbspbRegs                           
1     0005f400  _MemCfgRegs                           
0     000835c3  _MemCopy                              
1     0005f500  _MemoryErrorRegs                      
1     0000e074  _NF_f2                                
0     0008217e  _NMI_ISR                              
0     000833b0  _NOTCH_FLTR_F_COEFF_Update            
0     000833a0  _NOTCH_FLTR_F_VARS_init               
0     0008336f  _NOTCH_FLTR_F_run                     
0     000826c7  _NOTUSED_ISR                          
1     00007060  _NmiIntruptRegs                       
1     00007a80  _OutputXbarRegs                       
0     000826b0  _PIE_RESERVED_ISR                     
1     00000ce0  _PieCtrlRegs                          
1     00000d00  _PieVectTable                         
0     00090000  _PieVectTableInit                     
0     0008267e  _RAM_ACCESS_VIOLATION_ISR             
0     0008266a  _RAM_CORRECTABLE_ERROR_ISR            
0     0008216a  _RTOS_ISR                             
0     0008642b  _RamfuncsLoadEnd                      
abs   0000042b  _RamfuncsLoadSize                     
0     00086000  _RamfuncsLoadStart                    
0     0000842b  _RamfuncsRunEnd                       
abs   0000042b  _RamfuncsRunSize                      
0     00008000  _RamfuncsRunStart                     
1     0000e022  _Relay1_c                             
1     0000e026  _Relay2_c                             
1     0000e024  _Relay3_c                             
1     0000e01c  _Relay4_c                             
1     0005e608  _RomPrefetchRegs                      
1     0005f540  _RomWaitStateRegs                     
1     0000ec48  _SCI                                  
0     00082430  _SCIA_RX_ISR                          
0     0008243a  _SCIA_TX_ISR                          
0     00082444  _SCIB_RX_ISR                          
0     0008244e  _SCIB_TX_ISR                          
0     00082408  _SCIC_RX_ISR                          
0     00082412  _SCIC_TX_ISR                          
0     0008241c  _SCID_RX_ISR                          
0     00082426  _SCID_TX_ISR                          
0     000825d4  _SD1_ISR                              
0     000825de  _SD2_ISR                              
1     0000ec4c  _SDFM                                 
1     0000ec5a  _SPI                                  
0     00082354  _SPIA_RX_ISR                          
0     0008235e  _SPIA_TX_ISR                          
0     00082368  _SPIB_RX_ISR                          
0     00082372  _SPIB_TX_ISR                          
0     000825e8  _SPIC_RX_ISR                          
0     000825f2  _SPIC_TX_ISR                          
0     00082e28  _SPLL_1ph_SOGI_F_FUNC                 
0     00082dd2  _SPLL_1ph_SOGI_F_coeff_update         
0     00082d77  _SPLL_1ph_SOGI_F_init                 
1     0000e0c0  _SPLL_Vg                              
0     00082938  _STANDBY                              
1     0000e012  _SUtimer                              
0     00082688  _SYS_PLL_SLIP_ISR                     
1     00007200  _SciaRegs                             
1     00007210  _ScibRegs                             
1     00007220  _ScicRegs                             
1     00007230  _ScidRegs                             
1     00005e00  _Sdfm1Regs                            
1     00005e80  _Sdfm2Regs                            
0     0008279c  _ServiceDog                           
0     000835e7  _SetDBGIER                            
0     0008302e  _SetupADCSoftware                     
1     00006100  _SpiaRegs                             
1     00006110  _SpibRegs                             
1     00006120  _SpicRegs                             
1     0000e002  _StartUp                              
0     000828ef  _SysIntOsc1Sel                        
0     000828f9  _SysIntOsc2Sel                        
0     00082903  _SysXtalOscSel                        
0     00082246  _TIMER0_ISR                           
0     0008214c  _TIMER1_ISR                           
0     00082156  _TIMER2_ISR                           
1     00007940  _TrigRegs                             
0     000825fc  _UPPA_ISR                             
0     00082606  _USBA_ISR                             
0     000821ec  _USER10_ISR                           
0     000821f6  _USER11_ISR                           
0     00082200  _USER12_ISR                           
0     00082192  _USER1_ISR                            
0     0008219c  _USER2_ISR                            
0     000821a6  _USER3_ISR                            
0     000821b0  _USER4_ISR                            
0     000821ba  _USER5_ISR                            
0     000821c4  _USER6_ISR                            
0     000821ce  _USER7_ISR                            
0     000821d8  _USER8_ISR                            
0     000821e2  _USER9_ISR                            
1     00006200  _UppRegs                              
1     0000e054  _V1f                                  
1     0000e058  _V1s                                  
1     0000e05c  _V2f                                  
1     0000e060  _V2s                                  
1     0000e050  _V3f                                  
1     0000e064  _V3s                                  
1     0000e038  _V4f                                  
1     0000e034  _V4s                                  
0     0008253e  _VCU_ISR                              
1     0000e00c  _VDCLK                                
1     0000e080  _VDCLK_f                              
1     0000e008  _Vac                                  
1     0000e00e  _Vdc                                  
1     0000e00a  _Vg                                   
0     00082250  _WAKE_ISR                             
1     00007000  _WdRegs                               
0     00082228  _XINT1_ISR                            
0     00082232  _XINT2_ISR                            
0     00082520  _XINT3_ISR                            
0     0008252a  _XINT4_ISR                            
0     00082534  _XINT5_ISR                            
1     00007920  _XbarRegs                             
1     00007070  _XintRegs                             
1     0000d200  __STACK_END                           
abs   00000200  __STACK_SIZE                          
1     0000eb1e  ___TI_cleanup_ptr                     
1     0000eb20  ___TI_dtors_ptr                       
1     0000eb1c  ___TI_enable_exit_profile_output      
abs   ffffffff  ___TI_pprof_out_hndl                  
abs   ffffffff  ___TI_prof_data_size                  
abs   ffffffff  ___TI_prof_data_start                 
abs   ffffffff  ___binit__                            
abs   ffffffff  ___c_args__                           
0     00082000  ___cinit__                            
abs   ffffffff  ___etext__                            
abs   ffffffff  ___pinit__                            
abs   ffffffff  ___text__                             
0     000835aa  __args_main                           
1     0000eb22  __lock                                
0     000835de  __nop                                 
0     000835da  __register_lock                       
0     000835d6  __register_unlock                     
1     0000d000  __stack                               
0     000835ec  __system_post_cinit                   
0     000835ea  __system_pre_init                     
1     0000eb24  __unlock                              
0     000834f1  _abort                                
0     0008349b  _c_int00                              
1     0000e01e  _control_c                            
0     00083568  _copy_in                              
0     000833e2  _cos                                  
0     000833e2  _cosf                                 
1     0000eb26  _deviceOpen                           
0     00008000  _epwm2_isr                            
0     000834f3  _exit                                 
1     0000e020  _i                                    
1     0000e004  _m_ac                                 
1     0000e018  _m_dc                                 
0     000831c4  _main                                 
0     0008358c  _memcpy                               
0     00008400  _protection                           
0     00083443  _sin                                  
1     0000eb40  _sin_result                           
0     00083443  _sinf                                 
1     0000e014  _x                                    
1     0000e140  _x_DB                                 
abs   ffffffff  binit                                 
0     00082000  cinit                                 
0     00080000  code_start                            
abs   ffffffff  etext                                 
abs   ffffffff  pinit                                 


GLOBAL SYMBOLS: SORTED BY Symbol Address 

page  address   name                                  
----  -------   ----                                  
0     00000ce0  _Cla1SoftIntRegs                      
0     00008000  _RamfuncsRunStart                     
0     00008000  _epwm2_isr                            
0     000083da  _Gateoff                              
0     000083ea  _GateReset                            
0     00008400  _protection                           
0     00008427  _F28x_usDelay                         
0     0000842b  _RamfuncsRunEnd                       
0     00080000  code_start                            
0     00082000  ___cinit__                            
0     00082000  cinit                                 
0     0008214c  _TIMER1_ISR                           
0     00082156  _TIMER2_ISR                           
0     00082160  _DATALOG_ISR                          
0     0008216a  _RTOS_ISR                             
0     00082174  _EMU_ISR                              
0     0008217e  _NMI_ISR                              
0     00082188  _ILLEGAL_ISR                          
0     00082192  _USER1_ISR                            
0     0008219c  _USER2_ISR                            
0     000821a6  _USER3_ISR                            
0     000821b0  _USER4_ISR                            
0     000821ba  _USER5_ISR                            
0     000821c4  _USER6_ISR                            
0     000821ce  _USER7_ISR                            
0     000821d8  _USER8_ISR                            
0     000821e2  _USER9_ISR                            
0     000821ec  _USER10_ISR                           
0     000821f6  _USER11_ISR                           
0     00082200  _USER12_ISR                           
0     0008220a  _ADCA1_ISR                            
0     00082214  _ADCB1_ISR                            
0     0008221e  _ADCC1_ISR                            
0     00082228  _XINT1_ISR                            
0     00082232  _XINT2_ISR                            
0     0008223c  _ADCD1_ISR                            
0     00082246  _TIMER0_ISR                           
0     00082250  _WAKE_ISR                             
0     0008225a  _EPWM1_TZ_ISR                         
0     00082264  _EPWM2_TZ_ISR                         
0     0008226e  _EPWM3_TZ_ISR                         
0     00082278  _EPWM4_TZ_ISR                         
0     00082282  _EPWM5_TZ_ISR                         
0     0008228c  _EPWM6_TZ_ISR                         
0     00082296  _EPWM7_TZ_ISR                         
0     000822a0  _EPWM8_TZ_ISR                         
0     000822aa  _EPWM1_ISR                            
0     000822b4  _EPWM2_ISR                            
0     000822be  _EPWM3_ISR                            
0     000822c8  _EPWM4_ISR                            
0     000822d2  _EPWM5_ISR                            
0     000822dc  _EPWM6_ISR                            
0     000822e6  _EPWM7_ISR                            
0     000822f0  _EPWM8_ISR                            
0     000822fa  _ECAP1_ISR                            
0     00082304  _ECAP2_ISR                            
0     0008230e  _ECAP3_ISR                            
0     00082318  _ECAP4_ISR                            
0     00082322  _ECAP5_ISR                            
0     0008232c  _ECAP6_ISR                            
0     00082336  _EQEP1_ISR                            
0     00082340  _EQEP2_ISR                            
0     0008234a  _EQEP3_ISR                            
0     00082354  _SPIA_RX_ISR                          
0     0008235e  _SPIA_TX_ISR                          
0     00082368  _SPIB_RX_ISR                          
0     00082372  _SPIB_TX_ISR                          
0     0008237c  _MCBSPA_RX_ISR                        
0     00082386  _MCBSPA_TX_ISR                        
0     00082390  _MCBSPB_RX_ISR                        
0     0008239a  _MCBSPB_TX_ISR                        
0     000823a4  _DMA_CH1_ISR                          
0     000823ae  _DMA_CH2_ISR                          
0     000823b8  _DMA_CH3_ISR                          
0     000823c2  _DMA_CH4_ISR                          
0     000823cc  _DMA_CH5_ISR                          
0     000823d6  _DMA_CH6_ISR                          
0     000823e0  _I2CA_ISR                             
0     000823ea  _I2CA_FIFO_ISR                        
0     000823f4  _I2CB_ISR                             
0     000823fe  _I2CB_FIFO_ISR                        
0     00082408  _SCIC_RX_ISR                          
0     00082412  _SCIC_TX_ISR                          
0     0008241c  _SCID_RX_ISR                          
0     00082426  _SCID_TX_ISR                          
0     00082430  _SCIA_RX_ISR                          
0     0008243a  _SCIA_TX_ISR                          
0     00082444  _SCIB_RX_ISR                          
0     0008244e  _SCIB_TX_ISR                          
0     00082458  _CANA_1_ISR                           
0     00082462  _CANA_2_ISR                           
0     0008246c  _CANB_1_ISR                           
0     00082476  _CANB_2_ISR                           
0     00082480  _ADCA_EVT_ISR                         
0     0008248a  _ADCA2_ISR                            
0     00082494  _ADCA3_ISR                            
0     0008249e  _ADCA4_ISR                            
0     000824a8  _ADCB_EVT_ISR                         
0     000824b2  _ADCB2_ISR                            
0     000824bc  _ADCB3_ISR                            
0     000824c6  _ADCB4_ISR                            
0     000824d0  _CLA1_1_ISR                           
0     000824da  _CLA1_2_ISR                           
0     000824e4  _CLA1_3_ISR                           
0     000824ee  _CLA1_4_ISR                           
0     000824f8  _CLA1_5_ISR                           
0     00082502  _CLA1_6_ISR                           
0     0008250c  _CLA1_7_ISR                           
0     00082516  _CLA1_8_ISR                           
0     00082520  _XINT3_ISR                            
0     0008252a  _XINT4_ISR                            
0     00082534  _XINT5_ISR                            
0     0008253e  _VCU_ISR                              
0     00082548  _FPU_OVERFLOW_ISR                     
0     00082552  _FPU_UNDERFLOW_ISR                    
0     0008255c  _IPC0_ISR                             
0     00082566  _IPC1_ISR                             
0     00082570  _IPC2_ISR                             
0     0008257a  _IPC3_ISR                             
0     00082584  _EPWM9_TZ_ISR                         
0     0008258e  _EPWM10_TZ_ISR                        
0     00082598  _EPWM11_TZ_ISR                        
0     000825a2  _EPWM12_TZ_ISR                        
0     000825ac  _EPWM9_ISR                            
0     000825b6  _EPWM10_ISR                           
0     000825c0  _EPWM11_ISR                           
0     000825ca  _EPWM12_ISR                           
0     000825d4  _SD1_ISR                              
0     000825de  _SD2_ISR                              
0     000825e8  _SPIC_RX_ISR                          
0     000825f2  _SPIC_TX_ISR                          
0     000825fc  _UPPA_ISR                             
0     00082606  _USBA_ISR                             
0     00082610  _ADCC_EVT_ISR                         
0     0008261a  _ADCC2_ISR                            
0     00082624  _ADCC3_ISR                            
0     0008262e  _ADCC4_ISR                            
0     00082638  _ADCD_EVT_ISR                         
0     00082642  _ADCD2_ISR                            
0     0008264c  _ADCD3_ISR                            
0     00082656  _ADCD4_ISR                            
0     00082660  _EMIF_ERROR_ISR                       
0     0008266a  _RAM_CORRECTABLE_ERROR_ISR            
0     00082674  _FLASH_CORRECTABLE_ERROR_ISR          
0     0008267e  _RAM_ACCESS_VIOLATION_ISR             
0     00082688  _SYS_PLL_SLIP_ISR                     
0     00082692  _AUX_PLL_SLIP_ISR                     
0     0008269c  _CLA_OVERFLOW_ISR                     
0     000826a6  _CLA_UNDERFLOW_ISR                    
0     000826b0  _PIE_RESERVED_ISR                     
0     000826ba  _EMPTY_ISR                            
0     000826c7  _NOTUSED_ISR                          
0     000826d1  _InitSysCtrl                          
0     00082700  _InitPeripheralClocks                 
0     00082784  _DisablePeripheralClocks              
0     0008279c  _ServiceDog                           
0     000827aa  _DisableDog                           
0     000827b8  _InitSysPll                           
0     0008283c  _InitAuxPll                           
0     000828ce  _CsmUnlock                            
0     000828ef  _SysIntOsc1Sel                        
0     000828f9  _SysIntOsc2Sel                        
0     00082903  _SysXtalOscSel                        
0     0008290f  _AuxIntOsc2Sel                        
0     00082919  _AuxXtalOscSel                        
0     00082925  _AuxAuxClkSel                         
0     0008292f  _IDLE                                 
0     00082938  _STANDBY                              
0     00082943  _HALT                                 
0     00082954  _HIB                                  
0     00082968  _InitGpio                             
0     000829a8  _GPIO_SetupPinMux                     
0     00082a34  _GPIO_SetupPinOptions                 
0     00082ac8  _GPIO_SetupLock                       
0     00082af1  _GPIO_SetupXINT1Gpio                  
0     00082afb  _GPIO_SetupXINT2Gpio                  
0     00082b05  _GPIO_SetupXINT3Gpio                  
0     00082b0f  _GPIO_SetupXINT4Gpio                  
0     00082b19  _GPIO_SetupXINT5Gpio                  
0     00082b23  _GPIO_EnableUnbondedIOPullupsFor176Pin
0     00082b3c  _GPIO_EnableUnbondedIOPullupsFor100Pin
0     00082b61  _GPIO_EnableUnbondedIOPullups         
0     00082b77  _GPIO_ReadPin                         
0     00082b8e  _GPIO_WritePin                        
0     00082bac  _InitEPwm1                            
0     00082bde  _InitEPwm2                            
0     00082c1c  _InitEPwm6                            
0     00082c4e  _InitEPwm7                            
0     00082c80  _InitEPwm8                            
0     00082ce1  _InitEPwm9                            
0     00082d13  _InitEPwm10                           
0     00082d45  _InitEPwm11                           
0     00082d77  _SPLL_1ph_SOGI_F_init                 
0     00082dd2  _SPLL_1ph_SOGI_F_coeff_update         
0     00082e28  _SPLL_1ph_SOGI_F_FUNC                 
0     00082ee8  _InitEPwmGpio                         
0     00082f01  _InitEPwm1Gpio                        
0     00082f13  _InitEPwm2Gpio                        
0     00082f25  _InitEPwm3Gpio                        
0     00082f39  _InitEPwm4Gpio                        
0     00082f4d  _InitEPwm5Gpio                        
0     00082f5f  _InitEPwm6Gpio                        
0     00082f71  _InitEPwm7Gpio                        
0     00082f85  _InitEPwm8Gpio                        
0     00082f99  _InitEPwm9Gpio                        
0     00082fb3  _InitEPwm10Gpio                       
0     00082fcd  _InitEPwm11Gpio                       
0     00082feb  _InitEPwm12Gpio                       
0     00082ffe  _ConfigureADC                         
0     0008302e  _SetupADCSoftware                     
0     000830b1  _InitPeripheralClks                   
0     000830e7  _AdcSetMode                           
0     0008318a  _CalAdcINL                            
0     000831c4  _main                                 
0     00083247  _BlinkLED                             
0     00083263  FS$$DIV                               
0     000832eb  _InitEPwmGpio_TZ                      
0     0008336f  _NOTCH_FLTR_F_run                     
0     000833a0  _NOTCH_FLTR_F_VARS_init               
0     000833b0  _NOTCH_FLTR_F_COEFF_Update            
0     000833e2  _cos                                  
0     000833e2  _cosf                                 
0     00083443  _sin                                  
0     00083443  _sinf                                 
0     0008349b  _c_int00                              
0     000834f1  C$$EXIT                               
0     000834f1  _abort                                
0     000834f3  _exit                                 
0     0008351a  _InitPieCtrl                          
0     00083539  _EnableInterrupts                     
0     00083542  _InitPieVectTable                     
0     00083568  _copy_in                              
0     0008358c  _memcpy                               
0     000835aa  __args_main                           
0     000835c3  _MemCopy                              
0     000835d6  __register_unlock                     
0     000835da  __register_lock                       
0     000835de  __nop                                 
0     000835e7  _SetDBGIER                            
0     000835ea  __system_pre_init                     
0     000835ec  __system_post_cinit                   
0     00086000  _RamfuncsLoadStart                    
0     0008642b  _RamfuncsLoadEnd                      
0     00090000  _PieVectTableInit                     
1     00000b00  _AdcaResultRegs                       
1     00000b20  _AdcbResultRegs                       
1     00000b40  _AdccResultRegs                       
1     00000b60  _AdcdResultRegs                       
1     00000c00  _CpuTimer0Regs                        
1     00000c08  _CpuTimer1Regs                        
1     00000c10  _CpuTimer2Regs                        
1     00000ce0  _PieCtrlRegs                          
1     00000d00  _EmuKey                               
1     00000d00  _PieVectTable                         
1     00000d01  _EmuBMode                             
1     00001000  _DmaRegs                              
1     00001400  _Cla1Regs                             
1     00004000  _EPwm1Regs                            
1     00004100  _EPwm2Regs                            
1     00004200  _EPwm3Regs                            
1     00004300  _EPwm4Regs                            
1     00004400  _EPwm5Regs                            
1     00004500  _EPwm6Regs                            
1     00004600  _EPwm7Regs                            
1     00004700  _EPwm8Regs                            
1     00004800  _EPwm9Regs                            
1     00004900  _EPwm10Regs                           
1     00004a00  _EPwm11Regs                           
1     00004b00  _EPwm12Regs                           
1     00005000  _ECap1Regs                            
1     00005020  _ECap2Regs                            
1     00005040  _ECap3Regs                            
1     00005060  _ECap4Regs                            
1     00005080  _ECap5Regs                            
1     000050a0  _ECap6Regs                            
1     00005100  _EQep1Regs                            
1     00005140  _EQep2Regs                            
1     00005180  _EQep3Regs                            
1     00005c00  _DacaRegs                             
1     00005c10  _DacbRegs                             
1     00005c20  _DaccRegs                             
1     00005c80  _Cmpss1Regs                           
1     00005ca0  _Cmpss2Regs                           
1     00005cc0  _Cmpss3Regs                           
1     00005ce0  _Cmpss4Regs                           
1     00005d00  _Cmpss5Regs                           
1     00005d20  _Cmpss6Regs                           
1     00005d40  _Cmpss7Regs                           
1     00005d60  _Cmpss8Regs                           
1     00005e00  _Sdfm1Regs                            
1     00005e80  _Sdfm2Regs                            
1     00006000  _McbspaRegs                           
1     00006040  _McbspbRegs                           
1     00006100  _SpiaRegs                             
1     00006110  _SpibRegs                             
1     00006120  _SpicRegs                             
1     00006200  _UppRegs                              
1     00007000  _WdRegs                               
1     00007060  _NmiIntruptRegs                       
1     00007070  _XintRegs                             
1     00007200  _SciaRegs                             
1     00007210  _ScibRegs                             
1     00007220  _ScicRegs                             
1     00007230  _ScidRegs                             
1     00007300  _I2caRegs                             
1     00007340  _I2cbRegs                             
1     00007400  _AdcaRegs                             
1     00007480  _AdcbRegs                             
1     00007500  _AdccRegs                             
1     00007580  _AdcdRegs                             
1     00007900  _InputXbarRegs                        
1     00007920  _XbarRegs                             
1     00007940  _TrigRegs                             
1     00007980  _DmaClaSrcSelRegs                     
1     00007a00  _EPwmXbarRegs                         
1     00007a80  _OutputXbarRegs                       
1     00007c00  _GpioCtrlRegs                         
1     00007f00  _GpioDataRegs                         
1     0000d000  __stack                               
1     0000d200  __STACK_END                           
1     0000e001  _DB                                   
1     0000e002  _StartUp                              
1     0000e003  _LEDTimer                             
1     0000e004  _m_ac                                 
1     0000e006  _Idc                                  
1     0000e008  _Vac                                  
1     0000e00a  _Vg                                   
1     0000e00c  _VDCLK                                
1     0000e00e  _Vdc                                  
1     0000e010  _Iac                                  
1     0000e012  _SUtimer                              
1     0000e014  _x                                    
1     0000e016  _Iac_pref                             
1     0000e018  _m_dc                                 
1     0000e01a  _Iac_pref_old                         
1     0000e01c  _Relay4_c                             
1     0000e01e  _control_c                            
1     0000e020  _i                                    
1     0000e022  _Relay1_c                             
1     0000e024  _Relay3_c                             
1     0000e026  _Relay2_c                             
1     0000e028  _I1f                                  
1     0000e02c  _I2s                                  
1     0000e030  _I1s                                  
1     0000e034  _V4s                                  
1     0000e038  _V4f                                  
1     0000e03c  _DC_err                               
1     0000e040  _DC_PI                                
1     0000e044  _DCLK_PI                              
1     0000e048  _I2f                                  
1     0000e04c  _DCLK_err                             
1     0000e050  _V3f                                  
1     0000e054  _V1f                                  
1     0000e058  _V1s                                  
1     0000e05c  _V2f                                  
1     0000e060  _V2s                                  
1     0000e064  _V3s                                  
1     0000e068  _Iac_err                              
1     0000e06e  _Iac_PR                               
1     0000e074  _NF_f2                                
1     0000e080  _VDCLK_f                              
1     0000e0c0  _SPLL_Vg                              
1     0000e140  _x_DB                                 
1     0000eb04  _CpuTimer1                            
1     0000eb0c  _CpuTimer2                            
1     0000eb14  _CpuTimer0                            
1     0000eb1c  ___TI_enable_exit_profile_output      
1     0000eb1e  ___TI_cleanup_ptr                     
1     0000eb20  ___TI_dtors_ptr                       
1     0000eb22  __lock                                
1     0000eb24  __unlock                              
1     0000eb26  _deviceOpen                           
1     0000eb40  _sin_result                           
1     0000ec40  _MCBSP                                
1     0000ec44  _I2C                                  
1     0000ec48  _SCI                                  
1     0000ec4c  _SDFM                                 
1     0000ec52  _EQEP                                 
1     0000ec5a  _SPI                                  
1     0000ec62  _ECAP                                 
1     0000ec80  _EPWM                                 
1     00047000  _Emif1Regs                            
1     00047800  _Emif2Regs                            
1     0005d000  _DevCfgRegs                           
1     0005d180  _AnalogSubsysRegs                     
1     0005d200  _ClkCfgRegs                           
1     0005d300  _CpuSysRegs                           
1     0005e608  _RomPrefetchRegs                      
1     0005f000  _DcsmZ1Regs                           
1     0005f040  _DcsmZ2Regs                           
1     0005f070  _DcsmCommonRegs                       
1     0005f400  _MemCfgRegs                           
1     0005f480  _Emif1ConfigRegs                      
1     0005f4a0  _Emif2ConfigRegs                      
1     0005f4c0  _AccessProtectionRegs                 
1     0005f500  _MemoryErrorRegs                      
1     0005f540  _RomWaitStateRegs                     
1     0005f800  _Flash0CtrlRegs                       
1     0005fb00  _Flash0EccRegs                        
1     0005fc00  _Flash1CtrlRegs                       
1     0005ff00  _Flash1EccRegs                        
1     00078000  _DcsmZ1Otp                            
1     00078200  _DcsmZ2Otp                            
abs   00000200  __STACK_SIZE                          
abs   0000042b  _RamfuncsLoadSize                     
abs   0000042b  _RamfuncsRunSize                      
abs   ffffffff  .text                                 
abs   ffffffff  ___TI_pprof_out_hndl                  
abs   ffffffff  ___TI_prof_data_size                  
abs   ffffffff  ___TI_prof_data_start                 
abs   ffffffff  ___binit__                            
abs   ffffffff  ___c_args__                           
abs   ffffffff  ___etext__                            
abs   ffffffff  ___pinit__                            
abs   ffffffff  ___text__                             
abs   ffffffff  binit                                 
abs   ffffffff  etext                                 
abs   ffffffff  pinit                                 

[418 symbols]
